// Vitest Snapshot v1, https://vitest.dev/guide/snapshot.html

exports[`Input > Input component renders correctly 1`] = `
<p>
  input component
</p>
`;
